
> zetta-web@0.1.0 build
> next build

Ôû▓ Next.js 16.1.6 (Turbopack)
- Environments: .env

  Creating an optimized production build ...
Ô£ô Compiled successfully in 4.1s
  Running TypeScript ...
  Collecting page data using 15 workers ...
  Generating static pages using 15 workers (0/17) ...
  Generating static pages using 15 workers (4/17) 
